##########################################################################################################
#  Itn.    time          dt         CFL#       D#         visc       DilMin        DilMax        NewtonRs#
##########################################################################################################
0       0  0.000000E+00  0.800E+00  0.293E+00  0.320E+00  0.232E+00  0.000000E+00  0.000000E+00  0.327E-11
0       1  0.800000E+00  0.800E+00  0.293E+00  0.320E+00  0.232E+00 -0.170828E-06  0.262478E-05  0.329E-11
