###############################################################################################
#  Itn.    time          dt         CFL#       D#         visc       DilMin        DilMax     #
###############################################################################################
0       0  0.000000E+00  0.377E-04  0.440E-01  0.300E+00  0.556E-02 -0.332390E-02  0.323086E-02
0       1  0.377122E-04  0.377E-04  0.439E-01  0.300E+00  0.556E-02 -0.315270E-01  0.650312E-01
