###############################################################################################
#  Itn.    time          dt         CFL#       D#         visc       DilMin        DilMax     #
###############################################################################################
0       0  0.000000E+00  0.306E-02  0.000E+00  0.300E+00  0.500E-03  0.000000E+00  0.000000E+00
0       1  0.305971E-02  0.306E-02  0.174E-03  0.300E+00  0.500E-03 -0.164893E-02  0.213996E-02
