###############################################################################################
#  Itn.    time          dt         CFL#       D#         visc       DilMin        DilMax     #
###############################################################################################
0       0  0.000000E+00  0.505E-02  0.120E+01  0.198E+00  0.200E-03 -0.362266E-01  0.392517E-01
0       1  0.504982E-02  0.518E-02  0.120E+01  0.203E+00  0.200E-03 -0.202151E-01  0.224702E-01
